// Jest Snapshot v1, https://goo.gl/fbAQLP

exports[`NavigationBarItem Create NavigationBarItem 1`] = `
.emotion-0 {
  padding: 10px 20px;
  height: 100%;
  display: -webkit-box;
  display: -webkit-flex;
  display: -ms-flexbox;
  display: flex;
  -webkit-align-items: center;
  -webkit-box-align: center;
  -ms-flex-align: center;
  align-items: center;
  -webkit-text-decoration: none;
  text-decoration: none;
  color: #000;
  cursor: pointer;
}

.emotion-0>svg {
  fill: #000;
}

.emotion-0:hover {
  background-color: rgba(
                  0,
                  0,
                  0,
                  0.35
                );
}

.emotion-0>* {
  display: inline-block;
}

.emotion-1 {
  text-align: start;
  font-style: normal;
  margin: unset;
  -webkit-text-decoration: none;
  text-decoration: none;
  letter-spacing: normal;
  word-spacing: normal;
  color: #000;
  word-wrap: unset;
  padding: unset;
  word-break: normal;
}

.emotion-1 {
  font-weight: 600;
  font-size: 1em;
}

<body>
  <div>
    <a
      class="emotion-0"
    >
      <span
        class="emotion-1 emotion-2"
        color="#000"
        id="subtitle1"
      />
    </a>
  </div>
</body>
`;
